// Jest Snapshot v1, https://goo.gl/fbAQLP

exports[`render successfully render snapshot 1`] = `
<View
  style={
    Object {
      "flex": 1,
    }
  }
>
  <RCTScrollView
    data={Array []}
    getItem={[Function]}
    getItemCount={[Function]}
    keyExtractor={[Function]}
    onContentSizeChange={[Function]}
    onEndReached={[Function]}
    onEndReachedThreshold={0.5}
    onLayout={[Function]}
    onMomentumScrollBegin={[Function]}
    onMomentumScrollEnd={[Function]}
    onScroll={[Function]}
    onScrollBeginDrag={[Function]}
    onScrollEndDrag={[Function]}
    refreshControl={
      <RefreshControlMock
        colors={
          Array [
            "red",
            "green",
            "blue",
          ]
        }
        onRefresh={[Function]}
        refreshing={true}
        title="Refreshing"
        titleColor="black"
      />
    }
    removeClippedSubviews={false}
    renderItem={[Function]}
    scrollEventThrottle={50}
    stickyHeaderIndices={Array []}
    testID="flatlist_testid"
    viewabilityConfigCallbackPairs={Array []}
  >
    <RCTRefreshControl />
    <View />
  </RCTScrollView>
</View>
`;
